[17:06:54] [main/INFO] (FabricLoader/GameProvider) Loading Minecraft 26.2 with Fabric Loader 0.19.3
[17:06:54] [main/INFO] (FabricLoader/Mappings) Mappings not present!
[17:06:55] [main/INFO] (FabricLoader) Loading 44 mods:
	- fabric-api 0.152.1+26.2
	   |-- fabric-key-mapping-api-v1 2.0.5+e2bdee789c
	   |-- fabric-model-loading-api-v1 8.0.11+c80601bb9c
	   |-- fabric-renderer-api-v1 14.0.1+eec4cc519c
	   |-- fabric-renderer-indigo 9.0.1+e73ab60d9c
	   |-- fabric-rendering-v1 25.1.6+46a6d00c9c
	   |-- fabric-screen-api-v1 5.0.3+086d547a9c
	   \-- fabric-sound-api-v1 2.0.5+11a26f319c
	- fabric-api-base 2.0.4+ece063239c
	- fabric-api-lookup-api-v1 2.0.17+11e1c9a39c
	- fabric-biome-api-v1 18.0.6+c7bd5b8e9c
	- fabric-block-api-v1 3.0.3+ec56b6019c
	- fabric-block-getter-api-v2 2.0.7+ec56b6019c
	- fabric-command-api-v2 3.1.0+00cb03469c
	- fabric-content-registries-v0 11.2.2+b7a678a99c
	- fabric-convention-tags-v2 4.6.4+2aae60389c
	- fabric-crash-report-info-v1 1.0.5+086d547a9c
	- fabric-creative-tab-api-v1 5.0.14+d871b99e9c
	- fabric-data-attachment-api-v1 2.2.16+aa0fd6fe9c
	- fabric-data-generation-api-v1 25.4.2+5e56e5409c
	- fabric-debug-api-v1 1.0.2+c792624d9c
	- fabric-dimensions-v1 5.1.9+9cbf5da59c
	- fabric-entity-events-v1 5.0.5+06488ac19c
	- fabric-events-interaction-v0 5.2.6+8f57f7ee9c
	- fabric-game-rule-api-v1 4.0.8+46a6d00c9c
	- fabric-gametest-api-v1 4.0.21+4a7fa0819c
	- fabric-item-api-v1 14.1.6+0ecb053f9c
	- fabric-lifecycle-events-v1 4.1.3+4575b05f9c
	- fabric-loot-api-v3 3.0.17+06488ac19c
	- fabric-menu-api-v1 2.0.16+086d547a9c
	- fabric-message-api-v1 7.0.7+086d547a9c
	- fabric-networking-api-v1 6.3.3+72073ef09c
	- fabric-object-builder-api-v1 24.0.6+46a6d00c9c
	- fabric-particles-v1 5.0.18+d1756aa99c
	- fabric-permission-api-v1 1.0.2+7c33558a9c
	- fabric-recipe-api-v1 9.0.20+11e1c9a39c
	- fabric-registry-sync-v0 7.1.0+c7bd5b8e9c
	- fabric-rendering-fluids-v1 6.0.4+06488ac19c
	- fabric-resource-conditions-api-v1 6.1.0+10e9a28b9c
	- fabric-resource-loader-v0 3.3.20+4fc5413f9c
	- fabric-resource-loader-v1 2.0.13+9edec1269c
	- fabric-serialization-api-v1 2.0.4+11a26f319c
	- fabric-tag-api-v1 2.1.3+794df31d9c
	- fabric-transfer-api-v1 8.0.11+39b5a3929c
	- fabric-transitive-access-wideners-v1 8.1.3+e098252d9c
	- fabricloader 0.19.3
	- geckolib 5.5.1
	- java 25
	- jeg 1.7.4
	- minecraft 26.2
	- mixinextras 0.5.4
[17:06:55] [main/INFO] (FabricLoader/Mixin) SpongePowered MIXIN Subsystem Version=0.8.7 Source=file:/C:/Users/user/.gradle/caches/modules-2/files-2.1/net.fabricmc/sponge-mixin/0.17.3+mixin.0.8.7/41c4a3984a80f4679e759fb9f495587acc5cdac7/sponge-mixin-0.17.3+mixin.0.8.7.jar Service=Knot/Fabric Env=SERVER
[17:06:55] [main/INFO] (FabricLoader/Mixin) Compatibility level set to JAVA_25
[17:06:55] [main/INFO] (FabricLoader/MixinExtras|Service) Initializing MixinExtras via com.llamalad7.mixinextras.service.MixinExtrasServiceImpl(version=0.5.4).
[17:07:04] [main/INFO] (Minecraft) Environment: Environment[sessionHost=https://sessionserver.mojang.com, servicesHost=https://api.minecraftservices.com, profilesHost=https://api.mojang.com, name=PROD]
[17:07:06] [main/INFO] (Minecraft) Loaded 1736 recipes
[17:07:06] [main/INFO] (Minecraft) Loaded 1688 advancements
[17:07:06] [main/INFO] (jeg) Loaded 17 JEG vehicle assembly recipes
[17:07:06] [main/INFO] (jeg) Loaded 17 JEG vehicle data entries
[17:07:06] [main/INFO] (BiomeModificationImpl) Applied 0 biome modifications to 0 of 66 new biomes in 2.218 ms
[17:07:06] [Server thread/INFO] (Minecraft) Starting minecraft server version 26.2
[17:07:06] [Server thread/INFO] (Minecraft) Loading properties
[17:07:06] [Server thread/INFO] (Minecraft) Default game type: SURVIVAL
[17:07:06] [Server thread/INFO] (Minecraft) Generating keypair
[17:07:06] [Server thread/INFO] (Minecraft) Starting Minecraft server on *:25565
[17:07:06] [Server thread/INFO] (Minecraft) Preparing level "world"
[17:07:07] [Server thread/INFO] (Minecraft) Loading 0 persistent chunks...
[17:07:07] [Server thread/INFO] (Minecraft) Preparing spawn area: 100%
[17:07:07] [Server thread/INFO] (Minecraft) Time elapsed: 74 ms
[17:07:07] [Server thread/INFO] (Minecraft) Done (0.446s)! For help, type "help"
[17:07:07] [Server thread/INFO] (Minecraft) Saving chunks for level 'ServerLevel[world]'/minecraft:overworld
[17:07:07] [Server thread/INFO] (Minecraft) Saving chunks for level 'ServerLevel[world]'/minecraft:the_end
[17:07:07] [Server thread/INFO] (Minecraft) Saving chunks for level 'ServerLevel[world]'/minecraft:the_nether
[17:07:07] [Server thread/INFO] (Minecraft) ThreadedAnvilChunkStorage (world): All chunks are saved
[17:07:07] [Server thread/INFO] (Minecraft) ThreadedAnvilChunkStorage (DIM1): All chunks are saved
[17:07:07] [Server thread/INFO] (Minecraft) ThreadedAnvilChunkStorage (DIM-1): All chunks are saved
[17:07:07] [Server thread/INFO] (Minecraft) ThreadedAnvilChunkStorage: All dimensions are saved
[17:07:07] [Server thread/INFO] (jeg) Loaded 151 jeg recipes
[17:08:07] [Server thread/INFO] (Minecraft) Server empty for 60 seconds, pausing
