To honour the JVM settings for this build a single-use Daemon process will be forked. For more on this, please refer to https://docs.gradle.org/9.2.0/userguide/gradle_daemon.html#sec:disabling_the_daemon in the Gradle documentation.
Daemon will be stopped at the end of the build 

> Configure project :
Fabric Loom: 1.15.3

> Task :compileJava UP-TO-DATE
> Task :processResources UP-TO-DATE
> Task :classes UP-TO-DATE
> Task :generateLog4jConfig UP-TO-DATE
> Task :generateRemapClasspath UP-TO-DATE
> Task :generateDLIConfig UP-TO-DATE
> Task :configureLaunch UP-TO-DATE

> Task :runServer
ERROR StatusConsoleListener Unable to delete file D:\ai-workspace\Just Enough Gun 2\Just-Enough-Guns-Fabric-1.21.1\run\logs\latest.log: java.nio.file.FileSystemException D:\ai-workspace\Just Enough Gun 2\Just-Enough-Guns-Fabric-1.21.1\run\logs\latest.log: Der Prozess kann nicht auf die Datei zugreifen, da sie von einem anderen Prozess verwendet wird
ERROR StatusConsoleListener Unable to delete file D:\ai-workspace\Just Enough Gun 2\Just-Enough-Guns-Fabric-1.21.1\run\logs\debug.log: java.nio.file.FileSystemException D:\ai-workspace\Just Enough Gun 2\Just-Enough-Guns-Fabric-1.21.1\run\logs\debug.log: Der Prozess kann nicht auf die Datei zugreifen, da sie von einem anderen Prozess verwendet wird
[12:15:20] [main/INFO] (FabricLoader/GameProvider) Loading Minecraft 1.21.1 with Fabric Loader 0.18.4
[12:15:20] [main/INFO] (FabricLoader) Loading 44 mods:
	- fabric-api 0.116.8+1.21.1
	- fabric-api-base 0.4.42+6573ed8c19
	- fabric-api-lookup-api-v1 1.6.71+b559734419
	- fabric-biome-api-v1 13.0.31+d527f9fd19
	- fabric-block-api-v1 1.1.0+0bc3503219
	- fabric-block-view-api-v2 1.0.11+ebb2264e19
	- fabric-command-api-v1 1.2.49+f71b366f19
	- fabric-command-api-v2 2.2.28+6ced4dd919
	- fabric-commands-v0 0.2.66+df3654b319
	- fabric-content-registries-v0 8.0.19+b559734419
	- fabric-convention-tags-v1 2.1.6+7f945d5b19
	- fabric-convention-tags-v2 2.11.2+fa89716719
	- fabric-crash-report-info-v1 0.2.29+0af3f5a719
	- fabric-data-attachment-api-v1 1.4.6+5b36e0f719
	- fabric-data-generation-api-v1 20.2.35+37516cd619
	- fabric-dimensions-v1 4.0.1+65213ef819
	- fabric-entity-events-v1 1.8.0+2b27e0a419
	- fabric-events-interaction-v0 0.7.13+ba9dae0619
	- fabric-game-rule-api-v1 1.0.53+6ced4dd919
	- fabric-gametest-api-v1 2.0.5+6fc22b9919
	- fabric-item-api-v1 11.2.0+3b3cb2e819
	- fabric-item-group-api-v1 4.1.7+def88e3a19
	- fabric-lifecycle-events-v1 2.6.0+0865547519
	- fabric-loot-api-v2 3.0.15+3f89f5a519
	- fabric-loot-api-v3 1.0.3+3f89f5a519
	- fabric-message-api-v1 6.0.14+8aaf3aca19
	- fabric-networking-api-v1 4.3.0+c7469b2119
	- fabric-object-builder-api-v1 15.2.1+40875a9319
	- fabric-particles-v1 4.0.2+6573ed8c19
	- fabric-recipe-api-v1 5.0.15+2475392c19
	- fabric-registry-sync-v0 5.3.1+e3eddc2119
	- fabric-rendering-data-attachment-v1 0.3.49+73761d2e19
	- fabric-rendering-fluids-v1 3.1.6+1daea21519
	- fabric-resource-conditions-api-v1 4.3.0+8dc279b119
	- fabric-resource-loader-v0 1.3.1+5b5275af19
	- fabric-screen-handler-api-v1 1.3.90+b559734419
	- fabric-transfer-api-v1 5.4.3+c24bd99419
	- fabric-transitive-access-wideners-v1 6.2.0+45b9699719
	- fabricloader 0.18.4
	- geckolib 4.8.3
	- java 21
	- jeg 1.3.0
	- minecraft 1.21.1
	- mixinextras 0.5.0
[12:15:20] [main/INFO] (FabricLoader/Mixin) SpongePowered MIXIN Subsystem Version=0.8.7 Source=file:/C:/Users/user/.gradle/caches/modules-2/files-2.1/net.fabricmc/sponge-mixin/0.17.0+mixin.0.8.7/cf31463202f72d03b0ef1e1e38e8ee71b7faaab6/sponge-mixin-0.17.0+mixin.0.8.7.jar Service=Knot/Fabric Env=SERVER
[12:15:20] [main/INFO] (FabricLoader/Mixin) Loaded Fabric development mappings for mixin remapper!
[12:15:20] [main/INFO] (FabricLoader/Mixin) Compatibility level set to JAVA_17
[12:15:21] [main/INFO] (FabricLoader/Mixin) Compatibility level set to JAVA_21
[12:15:21] [main/INFO] (FabricLoader/MixinExtras|Service) Initializing MixinExtras via com.llamalad7.mixinextras.service.MixinExtrasServiceImpl(version=0.5.0).
[12:15:34] [main/ERROR] (Minecraft) No data fixer registered for bullet
[12:15:34] [main/ERROR] (Minecraft) No data fixer registered for grenade
[12:15:34] [main/ERROR] (Minecraft) No data fixer registered for phantom_gunner
[12:15:34] [main/ERROR] (Minecraft) No data fixer registered for phantom_gunner_minion
[12:15:34] [main/ERROR] (Minecraft) No data fixer registered for terror_phantom
[12:15:34] [main/ERROR] (Minecraft) No data fixer registered for terror_phantom_guardian
[12:15:34] [main/INFO] (Minecraft) Environment: Environment[sessionHost=https://sessionserver.mojang.com, servicesHost=https://api.minecraftservices.com, name=PROD]
[12:15:34] [main/ERROR] (Minecraft) Failed to start the minecraft server
java.io.IOException: Der Prozess kann nicht auf die Datei zugreifen, da ein anderer Prozess einen Teil der Datei gesperrt hat
	at java.base/sun.nio.ch.FileDispatcherImpl.write0(Native Method) ~[?:?]
	at java.base/sun.nio.ch.FileDispatcherImpl.write(FileDispatcherImpl.java:75) ~[?:?]
	at java.base/sun.nio.ch.IOUtil.writeFromNativeBuffer(IOUtil.java:137) ~[?:?]
	at java.base/sun.nio.ch.IOUtil.write(IOUtil.java:81) ~[?:?]
	at java.base/sun.nio.ch.IOUtil.write(IOUtil.java:72) ~[?:?]
	at java.base/sun.nio.ch.FileChannelImpl.write(FileChannelImpl.java:300) ~[?:?]
	at knot/net.minecraft.util.DirectoryLock.create(DirectoryLock.java:37) ~[minecraft-common-c3dfdda458-1.21.1-loom.mappings.1_21_1.layered+hash.2198-v2.jar:?]
	at knot/net.minecraft.world.level.storage.LevelStorageSource$LevelStorageAccess.<init>(LevelStorageSource.java:374) ~[minecraft-common-c3dfdda458-1.21.1-loom.mappings.1_21_1.layered+hash.2198-v2.jar:?]
	at knot/net.minecraft.world.level.storage.LevelStorageSource.validateAndCreateAccess(LevelStorageSource.java:353) ~[minecraft-common-c3dfdda458-1.21.1-loom.mappings.1_21_1.layered+hash.2198-v2.jar:?]
	at knot/net.minecraft.server.Main.main(Main.java:137) [minecraft-common-c3dfdda458-1.21.1-loom.mappings.1_21_1.layered+hash.2198-v2.jar:?]
	at net.fabricmc.loader.impl.game.minecraft.MinecraftGameProvider.launch(MinecraftGameProvider.java:514) [fabric-loader-0.18.4.jar:?]
	at net.fabricmc.loader.impl.launch.knot.Knot.launch(Knot.java:72) [fabric-loader-0.18.4.jar:?]
	at net.fabricmc.loader.impl.launch.knot.KnotServer.main(KnotServer.java:23) [fabric-loader-0.18.4.jar:?]
	at net.fabricmc.devlaunchinjector.Main.main(Main.java:86) [dev-launch-injector-0.2.1+build.8.jar:?]

BUILD SUCCESSFUL in 29s
6 actionable tasks: 1 executed, 5 up-to-date
Consider enabling configuration cache to speed up this build: https://docs.gradle.org/9.2.0/userguide/configuration_cache_enabling.html
